2025-09-02 16:33:53,170 - root - INFO - ===== 数据处理任务开始 =====
2025-09-02 16:33:53,170 - root - INFO - 输入目录：/home/WorkSpace/task
2025-09-02 16:33:53,170 - root - INFO - 输出目录：/home/WorkSpace/output
2025-09-02 16:33:53,170 - root - INFO - 找到 153 个 record 文件
2025-09-02 16:33:53,170 - root - INFO - 
🔧 正在处理第 1/153 个文件：/home/WorkSpace/task/0704/0704_1/20250704142540.record.00009.20250704143441
2025-09-02 16:34:00,624 - root - INFO - 成功加载高精地图，包含 2375 条车道，155 个人行横道
2025-09-02 16:34:09,347 - root - INFO - ==========开始读取感知数据=========
2025-09-02 16:34:09,347 - root - INFO - 感知数据少于50，数据不正常，跳过文件处理
2025-09-02 16:34:09,580 - root - INFO - 
🔧 正在处理第 2/153 个文件：/home/WorkSpace/task/0704/0704_10/20250704142540.record.00005.20250704143041
2025-09-02 16:34:17,356 - root - INFO - 成功加载高精地图，包含 2375 条车道，155 个人行横道
2025-09-02 16:38:53,811 - root - INFO - ==========开始读取感知数据=========
2025-09-02 16:38:53,811 - root - INFO - 数据包时间范围：1751610641.140s - 1751610701.116s (总时长：59.98秒)
2025-09-02 16:38:53,811 - root - INFO - 
===== 调试信息：定位数据分析 =====
2025-09-02 16:38:53,811 - root - INFO - 定位数据总量：2998 条
2025-09-02 16:38:53,811 - root - INFO - 
=== 调试信息：感知数据分析 ===
2025-09-02 16:38:53,811 - root - INFO - 感知时间范围：1751610641.229s ~ 1751610701.050s
2025-09-02 16:38:53,811 - root - INFO - 感知帧数：598 总间隔数：597
2025-09-02 16:38:53,812 - root - INFO - 间隔统计：min=0.066s | max=0.127s | avg=0.100s
2025-09-02 16:38:53,812 - root - INFO - 
无超过1秒的异常间隔
2025-09-02 16:38:53,812 - root - INFO - pose_times范围: 1751610641.14s → 1751610701.12s 总时长=59.98 秒
2025-09-02 16:38:53,812 - root - INFO - 切分得到 3 个场景
2025-09-02 16:38:53,812 - root - INFO - 场景划分结束
2025-09-02 16:38:53,812 - root - INFO - **********开始处理第0个场景中的第3s采样帧***********
2025-09-02 16:38:53,812 - root - INFO - ================1. 采样自车历史轨迹===============
2025-09-02 16:38:53,813 - root - INFO - ===============2. 开始采样自车未来轨迹==============
2025-09-02 16:38:53,814 - root - INFO - ==================3. 开始感知车辆处理===============
2025-09-02 16:38:53,819 - root - INFO - ===============4. 高精地图处理==============
2025-09-02 16:38:53,972 - root - INFO - ==============5.组装最终数据=============
2025-09-02 16:38:53,972 - root - INFO - **********开始处理第0个场景中的第4s采样帧***********
2025-09-02 16:38:53,972 - root - INFO - ================1. 采样自车历史轨迹===============
2025-09-02 16:38:53,972 - root - INFO - 历史采样轨迹数据不足21个点，跳过该帧
2025-09-02 16:38:53,972 - root - INFO - **********开始处理第0个场景中的第5s采样帧***********
2025-09-02 16:38:53,972 - root - INFO - ================1. 采样自车历史轨迹===============
2025-09-02 16:38:53,972 - root - INFO - ===============2. 开始采样自车未来轨迹==============
2025-09-02 16:38:53,973 - root - INFO - ==================3. 开始感知车辆处理===============
2025-09-02 16:38:53,980 - root - INFO - ===============4. 高精地图处理==============
2025-09-02 16:38:54,129 - root - INFO - ==============5.组装最终数据=============
2025-09-02 16:38:54,129 - root - INFO - **********开始处理第0个场景中的第6s采样帧***********
2025-09-02 16:38:54,129 - root - INFO - ================1. 采样自车历史轨迹===============
2025-09-02 16:38:54,130 - root - INFO - ===============2. 开始采样自车未来轨迹==============
2025-09-02 16:38:54,130 - root - INFO - ==================3. 开始感知车辆处理===============
2025-09-02 16:38:54,135 - root - INFO - ===============4. 高精地图处理==============
2025-09-02 16:38:54,281 - root - INFO - ==============5.组装最终数据=============
2025-09-02 16:38:54,281 - root - INFO - **********开始处理第0个场景中的第7s采样帧***********
2025-09-02 16:38:54,281 - root - INFO - ================1. 采样自车历史轨迹===============
2025-09-02 16:38:54,282 - root - INFO - ===============2. 开始采样自车未来轨迹==============
2025-09-02 16:38:54,282 - root - INFO - ==================3. 开始感知车辆处理===============
2025-09-02 16:38:54,289 - root - INFO - ===============4. 高精地图处理==============
2025-09-02 16:38:54,436 - root - INFO - ==============5.组装最终数据=============
2025-09-02 16:38:54,436 - root - INFO - **********开始处理第0个场景中的第8s采样帧***********
2025-09-02 16:38:54,436 - root - INFO - ================1. 采样自车历史轨迹===============
2025-09-02 16:38:54,436 - root - INFO - ===============2. 开始采样自车未来轨迹==============
2025-09-02 16:38:54,437 - root - INFO - ==================3. 开始感知车辆处理===============
2025-09-02 16:38:54,444 - root - INFO - ===============4. 高精地图处理==============
2025-09-02 16:38:54,595 - root - INFO - ==============5.组装最终数据=============
2025-09-02 16:38:54,595 - root - INFO - **********开始处理第0个场景中的第9s采样帧***********
2025-09-02 16:38:54,595 - root - INFO - ================1. 采样自车历史轨迹===============
2025-09-02 16:38:54,596 - root - INFO - ===============2. 开始采样自车未来轨迹==============
2025-09-02 16:38:54,596 - root - INFO - ==================3. 开始感知车辆处理===============
2025-09-02 16:38:54,602 - root - INFO - ===============4. 高精地图处理==============
2025-09-02 16:38:54,758 - root - INFO - ==============5.组装最终数据=============
2025-09-02 16:38:54,758 - root - INFO - **********开始处理第0个场景中的第10s采样帧***********
2025-09-02 16:38:54,759 - root - INFO - ================1. 采样自车历史轨迹===============
2025-09-02 16:38:54,759 - root - INFO - ===============2. 开始采样自车未来轨迹==============
2025-09-02 16:38:54,759 - root - INFO - ==================3. 开始感知车辆处理===============
2025-09-02 16:38:54,767 - root - INFO - ===============4. 高精地图处理==============
2025-09-02 16:38:54,922 - root - INFO - ==============5.组装最终数据=============
2025-09-02 16:38:54,922 - root - INFO - **********开始处理第0个场景中的第11s采样帧***********
2025-09-02 16:38:54,922 - root - INFO - ================1. 采样自车历史轨迹===============
2025-09-02 16:38:54,922 - root - INFO - ===============2. 开始采样自车未来轨迹==============
2025-09-02 16:38:54,923 - root - INFO - ==================3. 开始感知车辆处理===============
2025-09-02 16:38:54,932 - root - INFO - ===============4. 高精地图处理==============
2025-09-02 16:38:55,081 - root - INFO - ==============5.组装最终数据=============
2025-09-02 16:38:55,081 - root - INFO - **********开始处理第0个场景中的第12s采样帧***********
2025-09-02 16:38:55,081 - root - INFO - ================1. 采样自车历史轨迹===============
2025-09-02 16:38:55,081 - root - INFO - ===============2. 开始采样自车未来轨迹==============
2025-09-02 16:38:55,082 - root - INFO - ==================3. 开始感知车辆处理===============
2025-09-02 16:38:55,091 - root - INFO - ===============4. 高精地图处理==============
2025-09-02 16:38:55,245 - root - INFO - ==============5.组装最终数据=============
2025-09-02 16:38:55,346 - root - INFO - 保存文件：scenario_0.json
2025-09-02 16:38:55,347 - root - INFO - **********开始处理第1个场景中的第3s采样帧***********
2025-09-02 16:38:55,347 - root - INFO - ================1. 采样自车历史轨迹===============
2025-09-02 16:38:55,348 - root - INFO - ===============2. 开始采样自车未来轨迹==============
2025-09-02 16:38:55,348 - root - INFO - ==================3. 开始感知车辆处理===============
2025-09-02 16:38:55,353 - root - INFO - ===============4. 高精地图处理==============
2025-09-02 16:38:55,497 - root - INFO - ==============5.组装最终数据=============
2025-09-02 16:38:55,497 - root - INFO - **********开始处理第1个场景中的第4s采样帧***********
2025-09-02 16:38:55,497 - root - INFO - ================1. 采样自车历史轨迹===============
2025-09-02 16:38:55,497 - root - INFO - 历史采样轨迹数据不足21个点，跳过该帧
2025-09-02 16:38:55,497 - root - INFO - **********开始处理第1个场景中的第5s采样帧***********
2025-09-02 16:38:55,497 - root - INFO - ================1. 采样自车历史轨迹===============
2025-09-02 16:38:55,498 - root - INFO - ===============2. 开始采样自车未来轨迹==============
2025-09-02 16:38:55,498 - root - INFO - ==================3. 开始感知车辆处理===============
2025-09-02 16:38:55,502 - root - INFO - ===============4. 高精地图处理==============
2025-09-02 16:38:55,646 - root - INFO - ==============5.组装最终数据=============
2025-09-02 16:38:55,647 - root - INFO - **********开始处理第1个场景中的第6s采样帧***********
2025-09-02 16:38:55,647 - root - INFO - ================1. 采样自车历史轨迹===============
2025-09-02 16:38:55,647 - root - INFO - ===============2. 开始采样自车未来轨迹==============
2025-09-02 16:38:55,647 - root - INFO - ==================3. 开始感知车辆处理===============
2025-09-02 16:38:55,651 - root - INFO - ===============4. 高精地图处理==============
2025-09-02 16:38:55,791 - root - INFO - ==============5.组装最终数据=============
2025-09-02 16:38:55,792 - root - INFO - **********开始处理第1个场景中的第7s采样帧***********
2025-09-02 16:38:55,792 - root - INFO - ================1. 采样自车历史轨迹===============
2025-09-02 16:38:55,792 - root - INFO - 历史采样轨迹数据不足21个点，跳过该帧
2025-09-02 16:38:55,792 - root - INFO - **********开始处理第1个场景中的第8s采样帧***********
2025-09-02 16:38:55,792 - root - INFO - ================1. 采样自车历史轨迹===============
2025-09-02 16:38:55,792 - root - INFO - ===============2. 开始采样自车未来轨迹==============
2025-09-02 16:38:55,793 - root - INFO - ==================3. 开始感知车辆处理===============
2025-09-02 16:38:55,797 - root - INFO - ===============4. 高精地图处理==============
2025-09-02 16:38:55,936 - root - INFO - ==============5.组装最终数据=============
2025-09-02 16:38:55,937 - root - INFO - **********开始处理第1个场景中的第9s采样帧***********
2025-09-02 16:38:55,937 - root - INFO - ================1. 采样自车历史轨迹===============
2025-09-02 16:38:55,937 - root - INFO - 历史采样轨迹数据不足21个点，跳过该帧
2025-09-02 16:38:55,937 - root - INFO - **********开始处理第1个场景中的第10s采样帧***********
2025-09-02 16:38:55,937 - root - INFO - ================1. 采样自车历史轨迹===============
2025-09-02 16:38:55,937 - root - INFO - 历史采样轨迹数据不足21个点，跳过该帧
2025-09-02 16:38:55,937 - root - INFO - **********开始处理第1个场景中的第11s采样帧***********
2025-09-02 16:38:55,937 - root - INFO - ================1. 采样自车历史轨迹===============
2025-09-02 16:38:55,937 - root - INFO - ===============2. 开始采样自车未来轨迹==============
2025-09-02 16:38:55,937 - root - INFO - ==================3. 开始感知车辆处理===============
2025-09-02 16:38:55,943 - root - INFO - ===============4. 高精地图处理==============
2025-09-02 16:38:56,081 - root - INFO - ==============5.组装最终数据=============
2025-09-02 16:38:56,081 - root - INFO - **********开始处理第1个场景中的第12s采样帧***********
2025-09-02 16:38:56,081 - root - INFO - ================1. 采样自车历史轨迹===============
2025-09-02 16:38:56,081 - root - INFO - ===============2. 开始采样自车未来轨迹==============
2025-09-02 16:38:56,082 - root - INFO - ==================3. 开始感知车辆处理===============
2025-09-02 16:38:56,087 - root - INFO - ===============4. 高精地图处理==============
2025-09-02 16:38:56,226 - root - INFO - ==============5.组装最终数据=============
2025-09-02 16:38:56,283 - root - INFO - 保存文件：scenario_1.json
2025-09-02 16:38:56,284 - root - INFO - **********开始处理第2个场景中的第3s采样帧***********
2025-09-02 16:38:56,284 - root - INFO - ================1. 采样自车历史轨迹===============
2025-09-02 16:38:56,284 - root - INFO - ===============2. 开始采样自车未来轨迹==============
2025-09-02 16:38:56,284 - root - INFO - ==================3. 开始感知车辆处理===============
2025-09-02 16:38:56,289 - root - INFO - ===============4. 高精地图处理==============
2025-09-02 16:38:56,434 - root - INFO - ==============5.组装最终数据=============
2025-09-02 16:38:56,434 - root - INFO - **********开始处理第2个场景中的第4s采样帧***********
2025-09-02 16:38:56,434 - root - INFO - ================1. 采样自车历史轨迹===============
2025-09-02 16:38:56,434 - root - INFO - ===============2. 开始采样自车未来轨迹==============
2025-09-02 16:38:56,435 - root - INFO - ==================3. 开始感知车辆处理===============
2025-09-02 16:38:56,442 - root - INFO - ===============4. 高精地图处理==============
2025-09-02 16:38:56,591 - root - INFO - ==============5.组装最终数据=============
2025-09-02 16:38:56,591 - root - INFO - **********开始处理第2个场景中的第5s采样帧***********
2025-09-02 16:38:56,591 - root - INFO - ================1. 采样自车历史轨迹===============
2025-09-02 16:38:56,591 - root - INFO - ===============2. 开始采样自车未来轨迹==============
2025-09-02 16:38:56,592 - root - INFO - ==================3. 开始感知车辆处理===============
2025-09-02 16:38:56,596 - root - INFO - ===============4. 高精地图处理==============
2025-09-02 16:38:56,744 - root - INFO - ==============5.组装最终数据=============
2025-09-02 16:38:56,744 - root - INFO - **********开始处理第2个场景中的第6s采样帧***********
2025-09-02 16:38:56,744 - root - INFO - ================1. 采样自车历史轨迹===============
2025-09-02 16:38:56,744 - root - INFO - 历史采样轨迹数据不足21个点，跳过该帧
2025-09-02 16:38:56,744 - root - INFO - **********开始处理第2个场景中的第7s采样帧***********
2025-09-02 16:38:56,744 - root - INFO - ================1. 采样自车历史轨迹===============
2025-09-02 16:38:56,744 - root - INFO - 历史采样轨迹数据不足21个点，跳过该帧
2025-09-02 16:38:56,744 - root - INFO - **********开始处理第2个场景中的第8s采样帧***********
2025-09-02 16:38:56,744 - root - INFO - ================1. 采样自车历史轨迹===============
2025-09-02 16:38:56,744 - root - INFO - 历史采样轨迹数据不足21个点，跳过该帧
2025-09-02 16:38:56,744 - root - INFO - **********开始处理第2个场景中的第9s采样帧***********
2025-09-02 16:38:56,744 - root - INFO - ================1. 采样自车历史轨迹===============
2025-09-02 16:38:56,744 - root - INFO - 历史采样轨迹数据不足21个点，跳过该帧
2025-09-02 16:38:56,744 - root - INFO - **********开始处理第2个场景中的第10s采样帧***********
2025-09-02 16:38:56,744 - root - INFO - ================1. 采样自车历史轨迹===============
2025-09-02 16:38:56,744 - root - INFO - 历史采样轨迹数据不足21个点，跳过该帧
2025-09-02 16:38:56,744 - root - INFO - **********开始处理第2个场景中的第11s采样帧***********
2025-09-02 16:38:56,744 - root - INFO - ================1. 采样自车历史轨迹===============
2025-09-02 16:38:56,745 - root - INFO - ===============2. 开始采样自车未来轨迹==============
2025-09-02 16:38:56,745 - root - INFO - ==================3. 开始感知车辆处理===============
2025-09-02 16:38:56,748 - root - INFO - ===============4. 高精地图处理==============
2025-09-02 16:38:56,889 - root - INFO - ==============5.组装最终数据=============
2025-09-02 16:38:56,889 - root - INFO - **********开始处理第2个场景中的第12s采样帧***********
2025-09-02 16:38:56,889 - root - INFO - ================1. 采样自车历史轨迹===============
2025-09-02 16:38:56,890 - root - INFO - ===============2. 开始采样自车未来轨迹==============
2025-09-02 16:38:56,890 - root - INFO - 时间点 1751610701.154s 超出定位数据范围
2025-09-02 16:38:56,890 - root - INFO - ==================3. 开始感知车辆处理===============
2025-09-02 16:38:56,893 - root - INFO - ===============4. 高精地图处理==============
2025-09-02 16:38:57,026 - root - INFO - ==============5.组装最终数据=============
2025-09-02 16:38:57,071 - root - INFO - 保存文件：scenario_2.json
2025-09-02 16:38:57,325 - root - INFO - 
🔧 正在处理第 3/153 个文件：/home/WorkSpace/task/0704/0704_2/20250704142540.record.00006.20250704143141
2025-09-02 16:39:04,963 - root - INFO - 成功加载高精地图，包含 2375 条车道，155 个人行横道
2025-09-02 16:43:35,287 - root - INFO - ==========开始读取感知数据=========
2025-09-02 16:43:35,287 - root - INFO - 数据包时间范围：1751610701.135s - 1751610761.125s (总时长：59.99秒)
2025-09-02 16:43:35,287 - root - INFO - 
===== 调试信息：定位数据分析 =====
2025-09-02 16:43:35,287 - root - INFO - 定位数据总量：2997 条
2025-09-02 16:43:35,287 - root - INFO - 
=== 调试信息：感知数据分析 ===
2025-09-02 16:43:35,287 - root - INFO - 感知时间范围：1751610701.153s ~ 1751610761.100s
2025-09-02 16:43:35,287 - root - INFO - 感知帧数：598 总间隔数：597
2025-09-02 16:43:35,288 - root - INFO - 间隔统计：min=0.081s | max=0.118s | avg=0.100s
2025-09-02 16:43:35,288 - root - INFO - 
无超过1秒的异常间隔
2025-09-02 16:43:35,288 - root - INFO - pose_times范围: 1751610701.13s → 1751610761.13s 总时长=59.99 秒
2025-09-02 16:43:35,288 - root - INFO - 切分得到 3 个场景
2025-09-02 16:43:35,288 - root - INFO - 场景划分结束
2025-09-02 16:43:35,288 - root - INFO - **********开始处理第0个场景中的第3s采样帧***********
2025-09-02 16:43:35,288 - root - INFO - ================1. 采样自车历史轨迹===============
2025-09-02 16:43:35,288 - root - INFO - ===============2. 开始采样自车未来轨迹==============
2025-09-02 16:43:35,289 - root - INFO - ==================3. 开始感知车辆处理===============
2025-09-02 16:43:35,298 - root - INFO - ===============4. 高精地图处理==============
2025-09-02 16:43:35,449 - root - INFO - ==============5.组装最终数据=============
2025-09-02 16:43:35,449 - root - INFO - **********开始处理第0个场景中的第4s采样帧***********
2025-09-02 16:43:35,449 - root - INFO - ================1. 采样自车历史轨迹===============
2025-09-02 16:43:35,449 - root - INFO - 历史采样轨迹数据不足21个点，跳过该帧
2025-09-02 16:43:35,449 - root - INFO - **********开始处理第0个场景中的第5s采样帧***********
2025-09-02 16:43:35,449 - root - INFO - ================1. 采样自车历史轨迹===============
2025-09-02 16:43:35,449 - root - INFO - 历史采样轨迹数据不足21个点，跳过该帧
2025-09-02 16:43:35,449 - root - INFO - **********开始处理第0个场景中的第6s采样帧***********
2025-09-02 16:43:35,449 - root - INFO - ================1. 采样自车历史轨迹===============
2025-09-02 16:43:35,449 - root - INFO - 历史采样轨迹数据不足21个点，跳过该帧
2025-09-02 16:43:35,449 - root - INFO - **********开始处理第0个场景中的第7s采样帧***********
2025-09-02 16:43:35,449 - root - INFO - ================1. 采样自车历史轨迹===============
2025-09-02 16:43:35,449 - root - INFO - 历史采样轨迹数据不足21个点，跳过该帧
2025-09-02 16:43:35,449 - root - INFO - **********开始处理第0个场景中的第8s采样帧***********
2025-09-02 16:43:35,449 - root - INFO - ================1. 采样自车历史轨迹===============
2025-09-02 16:43:35,449 - root - INFO - ===============2. 开始采样自车未来轨迹==============
2025-09-02 16:43:35,450 - root - INFO - ==================3. 开始感知车辆处理===============
2025-09-02 16:43:35,457 - root - INFO - ===============4. 高精地图处理==============
2025-09-02 16:43:35,606 - root - INFO - ==============5.组装最终数据=============
2025-09-02 16:43:35,606 - root - INFO - **********开始处理第0个场景中的第9s采样帧***********
2025-09-02 16:43:35,606 - root - INFO - ================1. 采样自车历史轨迹===============
2025-09-02 16:43:35,606 - root - INFO - 历史采样轨迹数据不足21个点，跳过该帧
2025-09-02 16:43:35,606 - root - INFO - **********开始处理第0个场景中的第10s采样帧***********
2025-09-02 16:43:35,606 - root - INFO - ================1. 采样自车历史轨迹===============
2025-09-02 16:43:35,606 - root - INFO - ===============2. 开始采样自车未来轨迹==============
2025-09-02 16:43:35,607 - root - INFO - ==================3. 开始感知车辆处理===============
2025-09-02 16:43:35,615 - root - INFO - ===============4. 高精地图处理==============
2025-09-02 16:43:35,761 - root - INFO - ==============5.组装最终数据=============
2025-09-02 16:43:35,761 - root - INFO - **********开始处理第0个场景中的第11s采样帧***********
2025-09-02 16:43:35,761 - root - INFO - ================1. 采样自车历史轨迹===============
2025-09-02 16:43:35,761 - root - INFO - 历史采样轨迹数据不足21个点，跳过该帧
2025-09-02 16:43:35,761 - root - INFO - **********开始处理第0个场景中的第12s采样帧***********
2025-09-02 16:43:35,761 - root - INFO - ================1. 采样自车历史轨迹===============
2025-09-02 16:43:35,761 - root - INFO - 历史采样轨迹数据不足21个点，跳过该帧
2025-09-02 16:43:35,797 - root - INFO - 保存文件：scenario_0.json
2025-09-02 16:43:35,797 - root - INFO - **********开始处理第1个场景中的第3s采样帧***********
2025-09-02 16:43:35,798 - root - INFO - ================1. 采样自车历史轨迹===============
2025-09-02 16:43:35,798 - root - INFO - ===============2. 开始采样自车未来轨迹==============
2025-09-02 16:43:35,798 - root - INFO - ==================3. 开始感知车辆处理===============
2025-09-02 16:43:35,813 - root - INFO - ===============4. 高精地图处理==============
2025-09-02 16:43:35,960 - root - INFO - ==============5.组装最终数据=============
2025-09-02 16:43:35,960 - root - INFO - **********开始处理第1个场景中的第4s采样帧***********
2025-09-02 16:43:35,960 - root - INFO - ================1. 采样自车历史轨迹===============
2025-09-02 16:43:35,960 - root - INFO - ===============2. 开始采样自车未来轨迹==============
2025-09-02 16:43:35,961 - root - INFO - ==================3. 开始感知车辆处理===============
2025-09-02 16:43:35,975 - root - INFO - ===============4. 高精地图处理==============
2025-09-02 16:43:36,118 - root - INFO - ==============5.组装最终数据=============
2025-09-02 16:43:36,119 - root - INFO - **********开始处理第1个场景中的第5s采样帧***********
2025-09-02 16:43:36,119 - root - INFO - ================1. 采样自车历史轨迹===============
2025-09-02 16:43:36,119 - root - INFO - 历史采样轨迹数据不足21个点，跳过该帧
2025-09-02 16:43:36,119 - root - INFO - **********开始处理第1个场景中的第6s采样帧***********
2025-09-02 16:43:36,119 - root - INFO - ================1. 采样自车历史轨迹===============
2025-09-02 16:43:36,119 - root - INFO - 历史采样轨迹数据不足21个点，跳过该帧
2025-09-02 16:43:36,119 - root - INFO - **********开始处理第1个场景中的第7s采样帧***********
2025-09-02 16:43:36,119 - root - INFO - ================1. 采样自车历史轨迹===============
2025-09-02 16:43:36,119 - root - INFO - ===============2. 开始采样自车未来轨迹==============
2025-09-02 16:43:36,120 - root - INFO - ==================3. 开始感知车辆处理===============
2025-09-02 16:43:36,128 - root - INFO - ===============4. 高精地图处理==============
2025-09-02 16:43:36,267 - root - INFO - ==============5.组装最终数据=============
2025-09-02 16:43:36,267 - root - INFO - **********开始处理第1个场景中的第8s采样帧***********
2025-09-02 16:43:36,267 - root - INFO - ================1. 采样自车历史轨迹===============
2025-09-02 16:43:36,267 - root - INFO - ===============2. 开始采样自车未来轨迹==============
2025-09-02 16:43:36,268 - root - INFO - ==================3. 开始感知车辆处理===============
2025-09-02 16:43:36,275 - root - INFO - ===============4. 高精地图处理==============
2025-09-02 16:43:36,412 - root - INFO - ==============5.组装最终数据=============
2025-09-02 16:43:36,413 - root - INFO - **********开始处理第1个场景中的第9s采样帧***********
2025-09-02 16:43:36,413 - root - INFO - ================1. 采样自车历史轨迹===============
2025-09-02 16:43:36,413 - root - INFO - ===============2. 开始采样自车未来轨迹==============
2025-09-02 16:43:36,413 - root - INFO - ==================3. 开始感知车辆处理===============
2025-09-02 16:43:36,420 - root - INFO - ===============4. 高精地图处理==============
2025-09-02 16:43:36,561 - root - INFO - ==============5.组装最终数据=============
2025-09-02 16:43:36,561 - root - INFO - **********开始处理第1个场景中的第10s采样帧***********
2025-09-02 16:43:36,561 - root - INFO - ================1. 采样自车历史轨迹===============
2025-09-02 16:43:36,561 - root - INFO - ===============2. 开始采样自车未来轨迹==============
2025-09-02 16:43:36,562 - root - INFO - ==================3. 开始感知车辆处理===============
2025-09-02 16:43:36,568 - root - INFO - ===============4. 高精地图处理==============
2025-09-02 16:43:36,708 - root - INFO - ==============5.组装最终数据=============
2025-09-02 16:43:36,708 - root - INFO - **********开始处理第1个场景中的第11s采样帧***********
2025-09-02 16:43:36,708 - root - INFO - ================1. 采样自车历史轨迹===============
2025-09-02 16:43:36,708 - root - INFO - 历史采样轨迹数据不足21个点，跳过该帧
2025-09-02 16:43:36,708 - root - INFO - **********开始处理第1个场景中的第12s采样帧***********
2025-09-02 16:43:36,708 - root - INFO - ================1. 采样自车历史轨迹===============
2025-09-02 16:43:36,709 - root - INFO - ===============2. 开始采样自车未来轨迹==============
2025-09-02 16:43:36,709 - root - INFO - ==================3. 开始感知车辆处理===============
2025-09-02 16:43:36,714 - root - INFO - ===============4. 高精地图处理==============
2025-09-02 16:43:36,853 - root - INFO - ==============5.组装最终数据=============
2025-09-02 16:43:36,941 - root - INFO - 保存文件：scenario_1.json
2025-09-02 16:43:36,942 - root - INFO - **********开始处理第2个场景中的第3s采样帧***********
2025-09-02 16:43:36,942 - root - INFO - ================1. 采样自车历史轨迹===============
2025-09-02 16:43:36,943 - root - INFO - ===============2. 开始采样自车未来轨迹==============
2025-09-02 16:43:36,943 - root - INFO - ==================3. 开始感知车辆处理===============
2025-09-02 16:43:36,947 - root - INFO - ===============4. 高精地图处理==============
2025-09-02 16:43:37,083 - root - INFO - ==============5.组装最终数据=============
2025-09-02 16:43:37,083 - root - INFO - **********开始处理第2个场景中的第4s采样帧***********
2025-09-02 16:43:37,083 - root - INFO - ================1. 采样自车历史轨迹===============
2025-09-02 16:43:37,083 - root - INFO - 历史采样轨迹数据不足21个点，跳过该帧
2025-09-02 16:43:37,083 - root - INFO - **********开始处理第2个场景中的第5s采样帧***********
2025-09-02 16:43:37,083 - root - INFO - ================1. 采样自车历史轨迹===============
2025-09-02 16:43:37,083 - root - INFO - 历史采样轨迹数据不足21个点，跳过该帧
2025-09-02 16:43:37,083 - root - INFO - **********开始处理第2个场景中的第6s采样帧***********
2025-09-02 16:43:37,084 - root - INFO - ================1. 采样自车历史轨迹===============
2025-09-02 16:43:37,084 - root - INFO - ===============2. 开始采样自车未来轨迹==============
2025-09-02 16:43:37,084 - root - INFO - ==================3. 开始感知车辆处理===============
2025-09-02 16:43:37,088 - root - INFO - ===============4. 高精地图处理==============
2025-09-02 16:43:37,233 - root - INFO - ==============5.组装最终数据=============
2025-09-02 16:43:37,233 - root - INFO - **********开始处理第2个场景中的第7s采样帧***********
2025-09-02 16:43:37,233 - root - INFO - ================1. 采样自车历史轨迹===============
2025-09-02 16:43:37,233 - root - INFO - ===============2. 开始采样自车未来轨迹==============
2025-09-02 16:43:37,234 - root - INFO - ==================3. 开始感知车辆处理===============
2025-09-02 16:43:37,239 - root - INFO - ===============4. 高精地图处理==============
2025-09-02 16:43:37,387 - root - INFO - ==============5.组装最终数据=============
2025-09-02 16:43:37,387 - root - INFO - **********开始处理第2个场景中的第8s采样帧***********
2025-09-02 16:43:37,387 - root - INFO - ================1. 采样自车历史轨迹===============
2025-09-02 16:43:37,388 - root - INFO - ===============2. 开始采样自车未来轨迹==============
2025-09-02 16:43:37,388 - root - INFO - ==================3. 开始感知车辆处理===============
2025-09-02 16:43:37,395 - root - INFO - ===============4. 高精地图处理==============
2025-09-02 16:43:37,537 - root - INFO - ==============5.组装最终数据=============
2025-09-02 16:43:37,537 - root - INFO - **********开始处理第2个场景中的第9s采样帧***********
2025-09-02 16:43:37,537 - root - INFO - ================1. 采样自车历史轨迹===============
2025-09-02 16:43:37,537 - root - INFO - ===============2. 开始采样自车未来轨迹==============
2025-09-02 16:43:37,538 - root - INFO - ==================3. 开始感知车辆处理===============
2025-09-02 16:43:37,547 - root - INFO - ===============4. 高精地图处理==============
2025-09-02 16:43:37,715 - root - INFO - ==============5.组装最终数据=============
2025-09-02 16:43:37,715 - root - INFO - **********开始处理第2个场景中的第10s采样帧***********
2025-09-02 16:43:37,715 - root - INFO - ================1. 采样自车历史轨迹===============
2025-09-02 16:43:37,715 - root - INFO - 历史采样轨迹数据不足21个点，跳过该帧
2025-09-02 16:43:37,715 - root - INFO - **********开始处理第2个场景中的第11s采样帧***********
2025-09-02 16:43:37,715 - root - INFO - ================1. 采样自车历史轨迹===============
2025-09-02 16:43:37,715 - root - INFO - 历史采样轨迹数据不足21个点，跳过该帧
2025-09-02 16:43:37,715 - root - INFO - **********开始处理第2个场景中的第12s采样帧***********
2025-09-02 16:43:37,715 - root - INFO - ================1. 采样自车历史轨迹===============
2025-09-02 16:43:37,715 - root - INFO - ===============2. 开始采样自车未来轨迹==============
2025-09-02 16:43:37,716 - root - INFO - ==================3. 开始感知车辆处理===============
2025-09-02 16:43:37,725 - root - INFO - ===============4. 高精地图处理==============
2025-09-02 16:43:37,885 - root - INFO - ==============5.组装最终数据=============
2025-09-02 16:43:37,947 - root - INFO - 保存文件：scenario_2.json
2025-09-02 16:43:38,206 - root - INFO - 
🔧 正在处理第 4/153 个文件：/home/WorkSpace/task/0704/0704_3/20250704142540.record.00007.20250704143241
2025-09-02 16:43:45,800 - root - INFO - 成功加载高精地图，包含 2375 条车道，155 个人行横道
2025-09-02 16:48:34,890 - root - INFO - ==========开始读取感知数据=========
2025-09-02 16:48:34,890 - root - INFO - 数据包时间范围：1751610761.145s - 1751610821.128s (总时长：59.98秒)
2025-09-02 16:48:34,890 - root - INFO - 
===== 调试信息：定位数据分析 =====
2025-09-02 16:48:34,890 - root - INFO - 定位数据总量：2998 条
2025-09-02 16:48:34,890 - root - INFO - 
=== 调试信息：感知数据分析 ===
2025-09-02 16:48:34,890 - root - INFO - 感知时间范围：1751610761.207s ~ 1751610821.092s
2025-09-02 16:48:34,890 - root - INFO - 感知帧数：596 总间隔数：595
2025-09-02 16:48:34,890 - root - INFO - 间隔统计：min=0.079s | max=0.122s | avg=0.101s
2025-09-02 16:48:34,890 - root - INFO - 
无超过1秒的异常间隔
2025-09-02 16:48:34,891 - root - INFO - pose_times范围: 1751610761.15s → 1751610821.13s 总时长=59.98 秒
2025-09-02 16:48:34,891 - root - INFO - 切分得到 3 个场景
2025-09-02 16:48:34,891 - root - INFO - 场景划分结束
2025-09-02 16:48:34,891 - root - INFO - **********开始处理第0个场景中的第3s采样帧***********
2025-09-02 16:48:34,891 - root - INFO - ================1. 采样自车历史轨迹===============
2025-09-02 16:48:34,891 - root - INFO - 历史采样轨迹数据不足21个点，跳过该帧
2025-09-02 16:48:34,891 - root - INFO - **********开始处理第0个场景中的第4s采样帧***********
2025-09-02 16:48:34,891 - root - INFO - ================1. 采样自车历史轨迹===============
2025-09-02 16:48:34,891 - root - INFO - ===============2. 开始采样自车未来轨迹==============
2025-09-02 16:48:34,892 - root - INFO - ==================3. 开始感知车辆处理===============
2025-09-02 16:48:34,896 - root - INFO - ===============4. 高精地图处理==============
2025-09-02 16:48:35,064 - root - INFO - ==============5.组装最终数据=============
2025-09-02 16:48:35,064 - root - INFO - **********开始处理第0个场景中的第5s采样帧***********
2025-09-02 16:48:35,064 - root - INFO - ================1. 采样自车历史轨迹===============
2025-09-02 16:48:35,064 - root - INFO - ===============2. 开始采样自车未来轨迹==============
2025-09-02 16:48:35,065 - root - INFO - ==================3. 开始感知车辆处理===============
2025-09-02 16:48:35,069 - root - INFO - ===============4. 高精地图处理==============
2025-09-02 16:48:35,234 - root - INFO - ==============5.组装最终数据=============
2025-09-02 16:48:35,234 - root - INFO - **********开始处理第0个场景中的第6s采样帧***********
2025-09-02 16:48:35,234 - root - INFO - ================1. 采样自车历史轨迹===============
2025-09-02 16:48:35,234 - root - INFO - 历史采样轨迹数据不足21个点，跳过该帧
2025-09-02 16:48:35,234 - root - INFO - **********开始处理第0个场景中的第7s采样帧***********
2025-09-02 16:48:35,234 - root - INFO - ================1. 采样自车历史轨迹===============
2025-09-02 16:48:35,234 - root - INFO - ===============2. 开始采样自车未来轨迹==============
2025-09-02 16:48:35,235 - root - INFO - ==================3. 开始感知车辆处理===============
2025-09-02 16:48:35,238 - root - INFO - ===============4. 高精地图处理==============
2025-09-02 16:48:35,398 - root - INFO - ==============5.组装最终数据=============
2025-09-02 16:48:35,398 - root - INFO - **********开始处理第0个场景中的第8s采样帧***********
2025-09-02 16:48:35,398 - root - INFO - ================1. 采样自车历史轨迹===============
2025-09-02 16:48:35,398 - root - INFO - 历史采样轨迹数据不足21个点，跳过该帧
2025-09-02 16:48:35,398 - root - INFO - **********开始处理第0个场景中的第9s采样帧***********
2025-09-02 16:48:35,398 - root - INFO - ================1. 采样自车历史轨迹===============
2025-09-02 16:48:35,399 - root - INFO - ===============2. 开始采样自车未来轨迹==============
2025-09-02 16:48:35,399 - root - INFO - ==================3. 开始感知车辆处理===============
2025-09-02 16:48:35,402 - root - INFO - ===============4. 高精地图处理==============
2025-09-02 16:48:35,558 - root - INFO - ==============5.组装最终数据=============
2025-09-02 16:48:35,558 - root - INFO - **********开始处理第0个场景中的第10s采样帧***********
2025-09-02 16:48:35,558 - root - INFO - ================1. 采样自车历史轨迹===============
2025-09-02 16:48:35,559 - root - INFO - ===============2. 开始采样自车未来轨迹==============
2025-09-02 16:48:35,559 - root - INFO - ==================3. 开始感知车辆处理===============
2025-09-02 16:48:35,562 - root - INFO - ===============4. 高精地图处理==============
2025-09-02 16:48:35,724 - root - INFO - ==============5.组装最终数据=============
2025-09-02 16:48:35,724 - root - INFO - **********开始处理第0个场景中的第11s采样帧***********
2025-09-02 16:48:35,724 - root - INFO - ================1. 采样自车历史轨迹===============
2025-09-02 16:48:35,725 - root - INFO - ===============2. 开始采样自车未来轨迹==============
2025-09-02 16:48:35,725 - root - INFO - ==================3. 开始感知车辆处理===============
2025-09-02 16:48:35,728 - root - INFO - ===============4. 高精地图处理==============
2025-09-02 16:48:35,882 - root - INFO - ==============5.组装最终数据=============
2025-09-02 16:48:35,882 - root - INFO - **********开始处理第0个场景中的第12s采样帧***********
2025-09-02 16:48:35,882 - root - INFO - ================1. 采样自车历史轨迹===============
2025-09-02 16:48:35,882 - root - INFO - ===============2. 开始采样自车未来轨迹==============
2025-09-02 16:48:35,883 - root - INFO - ==================3. 开始感知车辆处理===============
2025-09-02 16:48:35,886 - root - INFO - ===============4. 高精地图处理==============
2025-09-02 16:48:36,039 - root - INFO - ==============5.组装最终数据=============
2025-09-02 16:48:36,109 - root - INFO - 保存文件：scenario_0.json
2025-09-02 16:48:36,110 - root - INFO - **********开始处理第1个场景中的第3s采样帧***********
2025-09-02 16:48:36,110 - root - INFO - ================1. 采样自车历史轨迹===============
2025-09-02 16:48:36,110 - root - INFO - ===============2. 开始采样自车未来轨迹==============
2025-09-02 16:48:36,111 - root - INFO - ==================3. 开始感知车辆处理===============
2025-09-02 16:48:36,116 - root - INFO - ===============4. 高精地图处理==============
2025-09-02 16:48:36,273 - root - INFO - ==============5.组装最终数据=============
2025-09-02 16:48:36,273 - root - INFO - **********开始处理第1个场景中的第4s采样帧***********
2025-09-02 16:48:36,274 - root - INFO - ================1. 采样自车历史轨迹===============
2025-09-02 16:48:36,274 - root - INFO - ===============2. 开始采样自车未来轨迹==============
2025-09-02 16:48:36,274 - root - INFO - ==================3. 开始感知车辆处理===============
2025-09-02 16:48:36,280 - root - INFO - ===============4. 高精地图处理==============
2025-09-02 16:48:36,434 - root - INFO - ==============5.组装最终数据=============
2025-09-02 16:48:36,434 - root - INFO - **********开始处理第1个场景中的第5s采样帧***********
2025-09-02 16:48:36,434 - root - INFO - ================1. 采样自车历史轨迹===============
2025-09-02 16:48:36,435 - root - INFO - ===============2. 开始采样自车未来轨迹==============
2025-09-02 16:48:36,435 - root - INFO - ==================3. 开始感知车辆处理===============
2025-09-02 16:48:36,440 - root - INFO - ===============4. 高精地图处理==============
2025-09-02 16:48:36,598 - root - INFO - ==============5.组装最终数据=============
2025-09-02 16:48:36,598 - root - INFO - **********开始处理第1个场景中的第6s采样帧***********
2025-09-02 16:48:36,598 - root - INFO - ================1. 采样自车历史轨迹===============
2025-09-02 16:48:36,598 - root - INFO - 历史采样轨迹数据不足21个点，跳过该帧
2025-09-02 16:48:36,598 - root - INFO - **********开始处理第1个场景中的第7s采样帧***********
2025-09-02 16:48:36,598 - root - INFO - ================1. 采样自车历史轨迹===============
2025-09-02 16:48:36,598 - root - INFO - ===============2. 开始采样自车未来轨迹==============
2025-09-02 16:48:36,599 - root - INFO - ==================3. 开始感知车辆处理===============
2025-09-02 16:48:36,604 - root - INFO - ===============4. 高精地图处理==============
2025-09-02 16:48:36,748 - root - INFO - ==============5.组装最终数据=============
2025-09-02 16:48:36,748 - root - INFO - **********开始处理第1个场景中的第8s采样帧***********
2025-09-02 16:48:36,748 - root - INFO - ================1. 采样自车历史轨迹===============
2025-09-02 16:48:36,748 - root - INFO - ===============2. 开始采样自车未来轨迹==============
2025-09-02 16:48:36,749 - root - INFO - ==================3. 开始感知车辆处理===============
2025-09-02 16:48:36,754 - root - INFO - ===============4. 高精地图处理==============
2025-09-02 16:48:36,884 - root - INFO - ==============5.组装最终数据=============
2025-09-02 16:48:36,884 - root - INFO - **********开始处理第1个场景中的第9s采样帧***********
2025-09-02 16:48:36,884 - root - INFO - ================1. 采样自车历史轨迹===============
2025-09-02 16:48:36,884 - root - INFO - 历史采样轨迹数据不足21个点，跳过该帧
2025-09-02 16:48:36,884 - root - INFO - **********开始处理第1个场景中的第10s采样帧***********
2025-09-02 16:48:36,884 - root - INFO - ================1. 采样自车历史轨迹===============
2025-09-02 16:48:36,884 - root - INFO - ===============2. 开始采样自车未来轨迹==============
2025-09-02 16:48:36,885 - root - INFO - ==================3. 开始感知车辆处理===============
2025-09-02 16:48:36,890 - root - INFO - ===============4. 高精地图处理==============
2025-09-02 16:48:37,019 - root - INFO - ==============5.组装最终数据=============
2025-09-02 16:48:37,019 - root - INFO - **********开始处理第1个场景中的第11s采样帧***********
2025-09-02 16:48:37,019 - root - INFO - ================1. 采样自车历史轨迹===============
2025-09-02 16:48:37,019 - root - INFO - ===============2. 开始采样自车未来轨迹==============
2025-09-02 16:48:37,020 - root - INFO - ==================3. 开始感知车辆处理===============
2025-09-02 16:48:37,027 - root - INFO - ===============4. 高精地图处理==============
2025-09-02 16:48:37,175 - root - INFO - ==============5.组装最终数据=============
2025-09-02 16:48:37,175 - root - INFO - **********开始处理第1个场景中的第12s采样帧***********
2025-09-02 16:48:37,175 - root - INFO - ================1. 采样自车历史轨迹===============
2025-09-02 16:48:37,175 - root - INFO - 历史采样轨迹数据不足21个点，跳过该帧
2025-09-02 16:48:37,255 - root - INFO - 保存文件：scenario_1.json
2025-09-02 16:48:37,256 - root - INFO - **********开始处理第2个场景中的第3s采样帧***********
2025-09-02 16:48:37,256 - root - INFO - ================1. 采样自车历史轨迹===============
2025-09-02 16:48:37,256 - root - INFO - 历史采样轨迹数据不足21个点，跳过该帧
2025-09-02 16:48:37,256 - root - INFO - **********开始处理第2个场景中的第4s采样帧***********
2025-09-02 16:48:37,256 - root - INFO - ================1. 采样自车历史轨迹===============
2025-09-02 16:48:37,256 - root - INFO - ===============2. 开始采样自车未来轨迹==============
2025-09-02 16:48:37,257 - root - INFO - ==================3. 开始感知车辆处理===============
2025-09-02 16:48:37,283 - root - INFO - ===============4. 高精地图处理==============
2025-09-02 16:48:37,407 - root - INFO - ==============5.组装最终数据=============
2025-09-02 16:48:37,408 - root - INFO - **********开始处理第2个场景中的第5s采样帧***********
2025-09-02 16:48:37,408 - root - INFO - ================1. 采样自车历史轨迹===============
2025-09-02 16:48:37,408 - root - INFO - 历史采样轨迹数据不足21个点，跳过该帧
2025-09-02 16:48:37,408 - root - INFO - **********开始处理第2个场景中的第6s采样帧***********
2025-09-02 16:48:37,408 - root - INFO - ================1. 采样自车历史轨迹===============
2025-09-02 16:48:37,408 - root - INFO - 历史采样轨迹数据不足21个点，跳过该帧
2025-09-02 16:48:37,408 - root - INFO - **********开始处理第2个场景中的第7s采样帧***********
2025-09-02 16:48:37,408 - root - INFO - ================1. 采样自车历史轨迹===============
2025-09-02 16:48:37,408 - root - INFO - ===============2. 开始采样自车未来轨迹==============
2025-09-02 16:48:37,409 - root - INFO - ==================3. 开始感知车辆处理===============
2025-09-02 16:48:37,434 - root - INFO - ===============4. 高精地图处理==============
2025-09-02 16:48:37,561 - root - INFO - ==============5.组装最终数据=============
2025-09-02 16:48:37,561 - root - INFO - **********开始处理第2个场景中的第8s采样帧***********
2025-09-02 16:48:37,561 - root - INFO - ================1. 采样自车历史轨迹===============
2025-09-02 16:48:37,561 - root - INFO - ===============2. 开始采样自车未来轨迹==============
2025-09-02 16:48:37,562 - root - INFO - ==================3. 开始感知车辆处理===============
2025-09-02 16:48:37,581 - root - INFO - ===============4. 高精地图处理==============
2025-09-02 16:48:37,715 - root - INFO - ==============5.组装最终数据=============
2025-09-02 16:48:37,715 - root - INFO - **********开始处理第2个场景中的第9s采样帧***********
2025-09-02 16:48:37,715 - root - INFO - ================1. 采样自车历史轨迹===============
2025-09-02 16:48:37,716 - root - INFO - ===============2. 开始采样自车未来轨迹==============
2025-09-02 16:48:37,716 - root - INFO - ==================3. 开始感知车辆处理===============
2025-09-02 16:48:37,737 - root - INFO - ===============4. 高精地图处理==============
2025-09-02 16:48:37,868 - root - INFO - ==============5.组装最终数据=============
2025-09-02 16:48:37,868 - root - INFO - **********开始处理第2个场景中的第10s采样帧***********
2025-09-02 16:48:37,868 - root - INFO - ================1. 采样自车历史轨迹===============
2025-09-02 16:48:37,868 - root - INFO - 历史采样轨迹数据不足21个点，跳过该帧
2025-09-02 16:48:37,868 - root - INFO - **********开始处理第2个场景中的第11s采样帧***********
2025-09-02 16:48:37,868 - root - INFO - ================1. 采样自车历史轨迹===============
2025-09-02 16:48:37,868 - root - INFO - ===============2. 开始采样自车未来轨迹==============
2025-09-02 16:48:37,869 - root - INFO - ==================3. 开始感知车辆处理===============
2025-09-02 16:48:37,891 - root - INFO - ===============4. 高精地图处理==============
2025-09-02 16:48:38,068 - root - INFO - ==============5.组装最终数据=============
2025-09-02 16:48:38,069 - root - INFO - **********开始处理第2个场景中的第12s采样帧***********
2025-09-02 16:48:38,069 - root - INFO - ================1. 采样自车历史轨迹===============
2025-09-02 16:48:38,069 - root - INFO - 历史采样轨迹数据不足21个点，跳过该帧
2025-09-02 16:48:38,147 - root - INFO - 保存文件：scenario_2.json
2025-09-02 16:48:38,411 - root - INFO - 
🔧 正在处理第 5/153 个文件：/home/WorkSpace/task/0704/0704_4/20250704142540.record.00008.20250704143341
2025-09-02 16:48:45,816 - root - INFO - 成功加载高精地图，包含 2375 条车道，155 个人行横道
2025-09-02 16:53:42,600 - root - INFO - ==========开始读取感知数据=========
2025-09-02 16:53:42,600 - root - INFO - 数据包时间范围：1751610821.145s - 1751610881.135s (总时长：59.99秒)
2025-09-02 16:53:42,600 - root - INFO - 
===== 调试信息：定位数据分析 =====
2025-09-02 16:53:42,600 - root - INFO - 定位数据总量：2999 条
2025-09-02 16:53:42,600 - root - INFO - 
=== 调试信息：感知数据分析 ===
2025-09-02 16:53:42,600 - root - INFO - 感知时间范围：1751610821.191s ~ 1751610881.065s
2025-09-02 16:53:42,600 - root - INFO - 感知帧数：597 总间隔数：596
2025-09-02 16:53:42,600 - root - INFO - 间隔统计：min=0.085s | max=0.123s | avg=0.100s
2025-09-02 16:53:42,600 - root - INFO - 
无超过1秒的异常间隔
2025-09-02 16:53:42,601 - root - INFO - pose_times范围: 1751610821.15s → 1751610881.13s 总时长=59.99 秒
2025-09-02 16:53:42,601 - root - INFO - 切分得到 3 个场景
2025-09-02 16:53:42,601 - root - INFO - 场景划分结束
2025-09-02 16:53:42,601 - root - INFO - **********开始处理第0个场景中的第3s采样帧***********
2025-09-02 16:53:42,601 - root - INFO - ================1. 采样自车历史轨迹===============
2025-09-02 16:53:42,601 - root - INFO - 历史采样轨迹数据不足21个点，跳过该帧
2025-09-02 16:53:42,601 - root - INFO - **********开始处理第0个场景中的第4s采样帧***********
2025-09-02 16:53:42,601 - root - INFO - ================1. 采样自车历史轨迹===============
2025-09-02 16:53:42,601 - root - INFO - 历史采样轨迹数据不足21个点，跳过该帧
2025-09-02 16:53:42,601 - root - INFO - **********开始处理第0个场景中的第5s采样帧***********
2025-09-02 16:53:42,601 - root - INFO - ================1. 采样自车历史轨迹===============
2025-09-02 16:53:42,601 - root - INFO - 历史采样轨迹数据不足21个点，跳过该帧
2025-09-02 16:53:42,601 - root - INFO - **********开始处理第0个场景中的第6s采样帧***********
2025-09-02 16:53:42,601 - root - INFO - ================1. 采样自车历史轨迹===============
2025-09-02 16:53:42,601 - root - INFO - ===============2. 开始采样自车未来轨迹==============
2025-09-02 16:53:42,602 - root - INFO - ==================3. 开始感知车辆处理===============
2025-09-02 16:53:42,624 - root - INFO - ===============4. 高精地图处理==============
2025-09-02 16:53:42,764 - root - INFO - ==============5.组装最终数据=============
2025-09-02 16:53:42,764 - root - INFO - **********开始处理第0个场景中的第7s采样帧***********
2025-09-02 16:53:42,764 - root - INFO - ================1. 采样自车历史轨迹===============
2025-09-02 16:53:42,764 - root - INFO - 历史采样轨迹数据不足21个点，跳过该帧
2025-09-02 16:53:42,764 - root - INFO - **********开始处理第0个场景中的第8s采样帧***********
2025-09-02 16:53:42,764 - root - INFO - ================1. 采样自车历史轨迹===============
2025-09-02 16:53:42,764 - root - INFO - ===============2. 开始采样自车未来轨迹==============
2025-09-02 16:53:42,765 - root - INFO - ==================3. 开始感知车辆处理===============
2025-09-02 16:53:42,792 - root - INFO - ===============4. 高精地图处理==============
2025-09-02 16:53:42,926 - root - INFO - ==============5.组装最终数据=============
2025-09-02 16:53:42,926 - root - INFO - **********开始处理第0个场景中的第9s采样帧***********
2025-09-02 16:53:42,926 - root - INFO - ================1. 采样自车历史轨迹===============
2025-09-02 16:53:42,926 - root - INFO - 历史采样轨迹数据不足21个点，跳过该帧
2025-09-02 16:53:42,926 - root - INFO - **********开始处理第0个场景中的第10s采样帧***********
2025-09-02 16:53:42,926 - root - INFO - ================1. 采样自车历史轨迹===============
2025-09-02 16:53:42,926 - root - INFO - 历史采样轨迹数据不足21个点，跳过该帧
2025-09-02 16:53:42,926 - root - INFO - **********开始处理第0个场景中的第11s采样帧***********
2025-09-02 16:53:42,926 - root - INFO - ================1. 采样自车历史轨迹===============
2025-09-02 16:53:42,926 - root - INFO - 历史采样轨迹数据不足21个点，跳过该帧
2025-09-02 16:53:42,926 - root - INFO - **********开始处理第0个场景中的第12s采样帧***********
2025-09-02 16:53:42,926 - root - INFO - ================1. 采样自车历史轨迹===============
2025-09-02 16:53:42,927 - root - INFO - ===============2. 开始采样自车未来轨迹==============
2025-09-02 16:53:42,927 - root - INFO - ==================3. 开始感知车辆处理===============
2025-09-02 16:53:42,943 - root - INFO - ===============4. 高精地图处理==============
2025-09-02 16:53:43,077 - root - INFO - ==============5.组装最终数据=============
2025-09-02 16:53:43,122 - root - INFO - 保存文件：scenario_0.json
2025-09-02 16:53:43,123 - root - INFO - **********开始处理第1个场景中的第3s采样帧***********
2025-09-02 16:53:43,123 - root - INFO - ================1. 采样自车历史轨迹===============
2025-09-02 16:53:43,123 - root - INFO - 历史采样轨迹数据不足21个点，跳过该帧
2025-09-02 16:53:43,123 - root - INFO - **********开始处理第1个场景中的第4s采样帧***********
2025-09-02 16:53:43,123 - root - INFO - ================1. 采样自车历史轨迹===============
2025-09-02 16:53:43,123 - root - INFO - ===============2. 开始采样自车未来轨迹==============
2025-09-02 16:53:43,124 - root - INFO - ==================3. 开始感知车辆处理===============
2025-09-02 16:53:43,141 - root - INFO - ===============4. 高精地图处理==============
2025-09-02 16:53:43,264 - root - INFO - ==============5.组装最终数据=============
2025-09-02 16:53:43,264 - root - INFO - **********开始处理第1个场景中的第5s采样帧***********
2025-09-02 16:53:43,264 - root - INFO - ================1. 采样自车历史轨迹===============
2025-09-02 16:53:43,264 - root - INFO - 历史采样轨迹数据不足21个点，跳过该帧
2025-09-02 16:53:43,264 - root - INFO - **********开始处理第1个场景中的第6s采样帧***********
2025-09-02 16:53:43,264 - root - INFO - ================1. 采样自车历史轨迹===============
2025-09-02 16:53:43,264 - root - INFO - 历史采样轨迹数据不足21个点，跳过该帧
2025-09-02 16:53:43,264 - root - INFO - **********开始处理第1个场景中的第7s采样帧***********
2025-09-02 16:53:43,264 - root - INFO - ================1. 采样自车历史轨迹===============
2025-09-02 16:53:43,264 - root - INFO - 历史采样轨迹数据不足21个点，跳过该帧
2025-09-02 16:53:43,264 - root - INFO - **********开始处理第1个场景中的第8s采样帧***********
2025-09-02 16:53:43,264 - root - INFO - ================1. 采样自车历史轨迹===============
2025-09-02 16:53:43,264 - root - INFO - 历史采样轨迹数据不足21个点，跳过该帧
2025-09-02 16:53:43,264 - root - INFO - **********开始处理第1个场景中的第9s采样帧***********
2025-09-02 16:53:43,264 - root - INFO - ================1. 采样自车历史轨迹===============
2025-09-02 16:53:43,265 - root - INFO - ===============2. 开始采样自车未来轨迹==============
2025-09-02 16:53:43,265 - root - INFO - ==================3. 开始感知车辆处理===============
2025-09-02 16:53:43,294 - root - INFO - ===============4. 高精地图处理==============
2025-09-02 16:53:43,416 - root - INFO - ==============5.组装最终数据=============
2025-09-02 16:53:43,416 - root - INFO - **********开始处理第1个场景中的第10s采样帧***********
2025-09-02 16:53:43,417 - root - INFO - ================1. 采样自车历史轨迹===============
2025-09-02 16:53:43,417 - root - INFO - ===============2. 开始采样自车未来轨迹==============
2025-09-02 16:53:43,417 - root - INFO - ==================3. 开始感知车辆处理===============
2025-09-02 16:53:43,443 - root - INFO - ===============4. 高精地图处理==============
2025-09-02 16:53:43,563 - root - INFO - ==============5.组装最终数据=============
2025-09-02 16:53:43,563 - root - INFO - **********开始处理第1个场景中的第11s采样帧***********
2025-09-02 16:53:43,563 - root - INFO - ================1. 采样自车历史轨迹===============
2025-09-02 16:53:43,563 - root - INFO - 历史采样轨迹数据不足21个点，跳过该帧
2025-09-02 16:53:43,563 - root - INFO - **********开始处理第1个场景中的第12s采样帧***********
2025-09-02 16:53:43,563 - root - INFO - ================1. 采样自车历史轨迹===============
2025-09-02 16:53:43,563 - root - INFO - ===============2. 开始采样自车未来轨迹==============
2025-09-02 16:53:43,564 - root - INFO - ==================3. 开始感知车辆处理===============
2025-09-02 16:53:43,578 - root - INFO - ===============4. 高精地图处理==============
2025-09-02 16:53:43,703 - root - INFO - ==============5.组装最终数据=============
2025-09-02 16:53:43,753 - root - INFO - 保存文件：scenario_1.json
2025-09-02 16:53:43,754 - root - INFO - **********开始处理第2个场景中的第3s采样帧***********
2025-09-02 16:53:43,754 - root - INFO - ================1. 采样自车历史轨迹===============
2025-09-02 16:53:43,754 - root - INFO - 历史采样轨迹数据不足21个点，跳过该帧
2025-09-02 16:53:43,754 - root - INFO - **********开始处理第2个场景中的第4s采样帧***********
2025-09-02 16:53:43,754 - root - INFO - ================1. 采样自车历史轨迹===============
2025-09-02 16:53:43,754 - root - INFO - 历史采样轨迹数据不足21个点，跳过该帧
2025-09-02 16:53:43,754 - root - INFO - **********开始处理第2个场景中的第5s采样帧***********
2025-09-02 16:53:43,754 - root - INFO - ================1. 采样自车历史轨迹===============
2025-09-02 16:53:43,754 - root - INFO - ===============2. 开始采样自车未来轨迹==============
2025-09-02 16:53:43,755 - root - INFO - ==================3. 开始感知车辆处理===============
2025-09-02 16:53:43,758 - root - INFO - ===============4. 高精地图处理==============
2025-09-02 16:53:43,910 - root - INFO - ==============5.组装最终数据=============
2025-09-02 16:53:43,910 - root - INFO - **********开始处理第2个场景中的第6s采样帧***********
2025-09-02 16:53:43,910 - root - INFO - ================1. 采样自车历史轨迹===============
2025-09-02 16:53:43,910 - root - INFO - ===============2. 开始采样自车未来轨迹==============
2025-09-02 16:53:43,911 - root - INFO - ==================3. 开始感知车辆处理===============
2025-09-02 16:53:43,914 - root - INFO - ===============4. 高精地图处理==============
2025-09-02 16:53:44,048 - root - INFO - ==============5.组装最终数据=============
2025-09-02 16:53:44,048 - root - INFO - **********开始处理第2个场景中的第7s采样帧***********
2025-09-02 16:53:44,048 - root - INFO - ================1. 采样自车历史轨迹===============
2025-09-02 16:53:44,049 - root - INFO - ===============2. 开始采样自车未来轨迹==============
2025-09-02 16:53:44,049 - root - INFO - ==================3. 开始感知车辆处理===============
2025-09-02 16:53:44,052 - root - INFO - ===============4. 高精地图处理==============
2025-09-02 16:53:44,193 - root - INFO - ==============5.组装最终数据=============
2025-09-02 16:53:44,193 - root - INFO - **********开始处理第2个场景中的第8s采样帧***********
2025-09-02 16:53:44,193 - root - INFO - ================1. 采样自车历史轨迹===============
2025-09-02 16:53:44,193 - root - INFO - 历史采样轨迹数据不足21个点，跳过该帧
2025-09-02 16:53:44,193 - root - INFO - **********开始处理第2个场景中的第9s采样帧***********
2025-09-02 16:53:44,193 - root - INFO - ================1. 采样自车历史轨迹===============
2025-09-02 16:53:44,193 - root - INFO - ===============2. 开始采样自车未来轨迹==============
2025-09-02 16:53:44,194 - root - INFO - ==================3. 开始感知车辆处理===============
2025-09-02 16:53:44,197 - root - INFO - ===============4. 高精地图处理==============
2025-09-02 16:53:44,331 - root - INFO - ==============5.组装最终数据=============
2025-09-02 16:53:44,331 - root - INFO - **********开始处理第2个场景中的第10s采样帧***********
2025-09-02 16:53:44,331 - root - INFO - ================1. 采样自车历史轨迹===============
2025-09-02 16:53:44,331 - root - INFO - 历史采样轨迹数据不足21个点，跳过该帧
2025-09-02 16:53:44,331 - root - INFO - **********开始处理第2个场景中的第11s采样帧***********
2025-09-02 16:53:44,331 - root - INFO - ================1. 采样自车历史轨迹===============
2025-09-02 16:53:44,332 - root - INFO - ===============2. 开始采样自车未来轨迹==============
2025-09-02 16:53:44,332 - root - INFO - ==================3. 开始感知车辆处理===============
2025-09-02 16:53:44,337 - root - INFO - ===============4. 高精地图处理==============
2025-09-02 16:53:44,474 - root - INFO - ==============5.组装最终数据=============
2025-09-02 16:53:44,474 - root - INFO - **********开始处理第2个场景中的第12s采样帧***********
2025-09-02 16:53:44,474 - root - INFO - ================1. 采样自车历史轨迹===============
2025-09-02 16:53:44,474 - root - INFO - ===============2. 开始采样自车未来轨迹==============
2025-09-02 16:53:44,474 - root - INFO - 时间点 1751610881.142s 超出定位数据范围
2025-09-02 16:53:44,475 - root - INFO - ==================3. 开始感知车辆处理===============
2025-09-02 16:53:44,482 - root - INFO - ===============4. 高精地图处理==============
2025-09-02 16:53:44,620 - root - INFO - ==============5.组装最终数据=============
2025-09-02 16:53:44,676 - root - INFO - 保存文件：scenario_2.json
2025-09-02 16:53:44,967 - root - INFO - 
🔧 正在处理第 6/153 个文件：/home/WorkSpace/task/0704/0704_5/20250704142540.record.00004.20250704142941
2025-09-02 16:53:52,608 - root - INFO - 成功加载高精地图，包含 2375 条车道，155 个人行横道
